// Jest Snapshot v1, https://goo.gl/fbAQLP

exports[`Clear should render banner text correctly with given strings 1`] = `
<div
  onClick={[Function]}
>
  clear
</div>
`;

exports[`Clear should render correctly in "debug" mode 1`] = `
<div
  onClick={[Function]}
>
  clear
</div>
`;

exports[`Clear should render correctly with no props 1`] = `
<div
  onClick={[Function]}
>
  clear
</div>
`;
